[vocalchat.ai/index.html]
[backblue.gif]
[fade.gif]
[index.html]
[framerusercontent.com/images/ZLQb1tuhwVPZWcPHe8JkWryiSoA.png]
[framerusercontent.com/images/l3spY7wXHmSKrb0HF1p6GO8Gsc.png]
[framerusercontent.com/images/dytp933FzpOspVNxBsIFtSsI17f5.png]
[framerusercontent.com/images/AlETzUjSDNpRfwLePuNfTBVa417f5.png]
[framerusercontent.com/images/cDD1n4h3SKDyBW67BEdtrSfys17f5.png]
[framerusercontent.com/images/w2hyXovpoCcfHZkjR4Hmr53RA5o.jpg]
[framerusercontent.com/images/rJfG75HuqSRYpn5Rifv6UnzZymc.png]
[framerusercontent.com/images/EZvauozvHLkR6AksP24PznYohY417f5.png]
[framerusercontent.com/images/nWpYmE4CbpJcW5fZ1Al8Jugfo2M17f5.png]
[framerusercontent.com/images/aj7yPrnFvA6GeLzIkRQY1tj2U017f5.png]
[framerusercontent.com/images/JrBKj2Nj9Wo2Jxljc9mVewgo7s9ae5.png]
[framerusercontent.com/images/BpUgcKlbgozaYrDw9SLXq6Gac.png]
[framerusercontent.com/images/4W48oRupPueHTrgqGA6qH2ZCTgsbf23.png]
[framerusercontent.com/images/8lkgTCtebueAoaMEd5tfDYRSkO4bf23.png]
[framerusercontent.com/images/LLXKhO9oWxJTrj4FNAXor1QoSOEbf23.png]
[framerusercontent.com/images/4rqrvJvwUlSEXZAfaVUwFX9i0Awbf23.png]
[framerusercontent.com/images/Rke3qF1l01wldwb9V0VouZnFe6U.png]
[framerusercontent.com/images/YoJRY6fZiyOvD3IbID1NaWds4.png]
[framerusercontent.com/images/Ay3omJYU8jBN1OaA2Kbe4FG1QU17f5.png]
[framerusercontent.com/images/EYdFrEtBMtfkTGNmGX2TEx4CFI.png]
[framerusercontent.com/images/UHlPb1f4YA1Yehk72qC7NNgaPAbf23.png]
[framerusercontent.com/images/8RXvbaFxQgOMBtfLRaZPrSRd5Ibf23.png]
[vocalchat.ai/index.html]
[vocalchat.ai/privacy.html]
[vocalchat.ai/privacy.html]
